[foss4g.asia/2024/index.html]
[backblue.gif]
[fade.gif]
[index.html]
[foss4g.asia/2024/wp-content/plugins/contact-form-7/includes/css/styles.css]
[foss4g.asia/2024/feed/index.html]
[foss4g.asia/2024/wp-content/plugins/embedpress/assets/css/embedpress.css]
[foss4g.asia/2024/comments/feed/index.html]
[foss4g.asia/2024/wp-content/plugins/woocommerce/assets/css/woocommerce-layout.css]
[foss4g.asia/2024/wp-content/plugins/woocommerce/assets/css/woocommerce-smallscreen.css]
[foss4g.asia/2024/wp-content/plugins/woocommerce/assets/css/woocommerce.css]
[foss4g.asia/2024/wp-content/themes/grandconference/css/reset.css]
[foss4g.asia/2024/wp-content/themes/grandconference/css/wordpress.css]
[foss4g.asia/2024/wp-content/themes/grandconference/css/animation.css]
[foss4g.asia/2024/wp-content/themes/grandconference/css/ilightbox/ilightbox.css]
[foss4g.asia/2024/wp-content/themes/grandconference/css/jqueryui/custom.css]
[foss4g.asia/2024/wp-includes/js/mediaelement/mediaelementplayer-legacy.min.css]
[foss4g.asia/2024/wp-content/themes/grandconference/js/flexslider/flexslider.css]
[foss4g.asia/2024/wp-content/themes/grandconference/css/tooltipster.css]
[foss4g.asia/2024/wp-content/themes/grandconference/css/odometer-theme-minimal.css]
[foss4g.asia/2024/wp-content/themes/grandconference/css/screen.css]
[foss4g.asia/2024/wp-content/themes/grandconference/css/menus/leftalignmenu.css]
[foss4g.asia/2024/wp-content/themes/grandconference/css/font-awesome.min.css]
[foss4g.asia/2024/wp-content/themes/grandconference/css/themify-icons.css]
[foss4g.asia/2024/wp-admin/admin-ajaxb700.css]
[foss4g.asia/2024/wp-content/plugins/event-tickets/common/src/resources/css/variables-skeleton.min.css]
[foss4g.asia/2024/wp-content/plugins/event-tickets/common/src/resources/css/variables-full.min.css]
[foss4g.asia/2024/wp-content/plugins/event-tickets/src/resources/css/rsvp-v1.min.css]
[foss4g.asia/2024/wp-includes/css/dashicons.min.css]
[foss4g.asia/2024/wp-content/plugins/event-tickets/common/src/resources/css/common-skeleton.min.css]
[foss4g.asia/2024/wp-content/plugins/event-tickets/common/src/resources/css/common-full.min.css]
[foss4g.asia/2024/wp-content/plugins/event-tickets/src/resources/css/tickets.min.css]
[foss4g.asia/2024/wp-content/plugins/event-tickets/build/Seating/frontend/ticketsBlock.css]
[foss4g.asia/2024/wp-content/plugins/elementor/assets/css/frontend-lite.min.css]
[foss4g.asia/2024/wp-content/plugins/elementor/assets/lib/swiper/v8/css/swiper.min.css]
[foss4g.asia/2024/wp-content/uploads/elementor/css/post-388.css]
[foss4g.asia/2024/wp-content/plugins/grandconference-elementor/assets/css/animatedheadline.css]
[foss4g.asia/2024/wp-content/plugins/grandconference-elementor/assets/css/justifiedGallery.css]
[foss4g.asia/2024/wp-content/plugins/grandconference-elementor/assets/css/flickity.css]
[foss4g.asia/2024/wp-content/plugins/grandconference-elementor/assets/css/owl.theme.default.min.css]
[foss4g.asia/2024/wp-content/plugins/grandconference-elementor/assets/css/switchery.css]
[foss4g.asia/2024/wp-content/plugins/grandconference-elementor/assets/css/grandconference-elementor.css]
[foss4g.asia/2024/wp-content/plugins/grandconference-elementor/assets/css/grandconference-elementor-responsive.css]
[foss4g.asia/2024/wp-content/uploads/elementor/css/post-5454.css]
[foss4g.asia/2024/wp-content/plugins/event-tickets/src/resources/css/rsvp.min.css]
[foss4g.asia/2024/wp-content/themes/grandconference/css/grid.css]
[foss4g.asia/2024/wp-includes/js/jquery/jquery.min.js]
[foss4g.asia/2024/wp-includes/js/jquery/jquery-migrate.min.js]
[foss4g.asia/2024/wp-content/plugins/google-analytics-for-wordpress/assets/js/frontend-gtag.min.js]
[foss4g.asia/2024/wp-content/plugins/woocommerce/assets/js/jquery-blockui/jquery.blockUI.min.js]
[foss4g.asia/2024/wp-content/plugins/woocommerce/assets/js/frontend/add-to-cart.min.js]
[foss4g.asia/2024/wp-content/plugins/woocommerce/assets/js/js-cookie/js.cookie.min.js]
[foss4g.asia/2024/wp-content/plugins/woocommerce/assets/js/frontend/woocommerce.min.js]
[foss4g.asia/2024/wp-json/wp/v2/pages/5454.json]
[foss4g.asia/2024/wp-json/index.html]
[foss4g.asia/2024/wp-json/oembed/1.0/embede504.json]
[foss4g.asia/2024/wp-json/oembed/1.0/embedac16]
[talks.geoinfo-lab.org/foss4g-asia-2024/schedule/widget/v2.en.js]
[foss4g.asia/2024/wp-content/plugins/woocommerce/assets/fonts/Inter-VariableFont_slnt,wght.woff2]
[foss4g.asia/2024/wp-json/tribe/tickets/v1/index.html]
[foss4g.asia/2024/wp-content/plugins/woocommerce/assets/fonts/cardo_normal_400.woff2]
[foss4g.asia/2024/wp-content/uploads/2021/12/cropped-Foss4G-2024-tran_WhiteBG-32x32.png]
[foss4g.asia/2024/wp-content/uploads/2021/12/cropped-Foss4G-2024-tran_WhiteBG-192x192.png]
[foss4g.asia/2024/wp-content/uploads/2021/12/cropped-Foss4G-2024-tran_WhiteBG-180x180.png]
[foss4g.asia/2024/wp-content/fonts/work-sans/QGY_z_wNahGAdqQ43RhVcIgYT2Xz5u32K0nXBiAJoI3ZKyHqQvhf.woff]
[foss4g.asia/2024/wp-content/fonts/work-sans/QGY_z_wNahGAdqQ43RhVcIgYT2Xz5u32K0nXBiEJoI3ZKyHqQvhf.woff]
[foss4g.asia/2024/wp-content/fonts/work-sans/QGY_z_wNahGAdqQ43RhVcIgYT2Xz5u32K0nXBi8JoI3ZKyHqQg.woff]
[foss4g.asia/2024/wp-content/fonts/work-sans/QGY_z_wNahGAdqQ43RhVcIgYT2Xz5u32K67QBiAJoI3ZKyHqQvhf.woff]
[foss4g.asia/2024/wp-content/fonts/work-sans/QGY_z_wNahGAdqQ43RhVcIgYT2Xz5u32K67QBiEJoI3ZKyHqQvhf.woff]
[foss4g.asia/2024/wp-content/fonts/work-sans/QGY_z_wNahGAdqQ43RhVcIgYT2Xz5u32K67QBi8JoI3ZKyHqQg.woff]
[foss4g.asia/2024/wp-content/fonts/poppins/pxiByp8kv8JHgFVrLGT9Z1JlE92JQEl8qw.woff]
[foss4g.asia/2024/wp-content/fonts/poppins/pxiByp8kv8JHgFVrLGT9Z1xlE92JQEk.woff]
[foss4g.asia/2024/wp-content/fonts/poppins/pxiByp8kv8JHgFVrLEj6Z1JlE92JQEl8qw.woff]
[foss4g.asia/2024/wp-content/fonts/poppins/pxiByp8kv8JHgFVrLEj6Z1xlE92JQEk.woff]
[foss4g.asia/2024/wp-content/fonts/poppins/pxiByp8kv8JHgFVrLCz7Z1JlE92JQEl8qw.woff]
[foss4g.asia/2024/wp-content/fonts/poppins/pxiByp8kv8JHgFVrLCz7Z1xlE92JQEk.woff]
[foss4g.asia/2024/wp-content/uploads/2024/06/FOSS4G-2024-TransBG-300x300.png]
[foss4g.asia/2024/about/index.html]
[foss4g.asia/2024/about/foss4g-history/index.html]
[foss4g.asia/2024/wp-content/uploads/2021/12/Foss4G-2024-tran_WhiteBG-300x300.47.delayed]
[foss4g.asia/2024/about/foss4g-asia-2/index.html]
[foss4g.asia/2024/secretariat/index.html]
[foss4g.asia/2024/wp-content/uploads/2024/12/FOSS4G-PROGRAM-BOOK_FINAL.pdf]
[foss4g.asia/2024/conference-committees/index.html]
[foss4g.asia/2024/conference-logo/index.html]
[foss4g.asia/2024/academic-track/index.html]
[foss4g.asia/2024/wp-content/uploads/2024/12/Foss4g-asia-Schduleoverview_done-1536x864.png]
[foss4g.asia/2024/general-track/index.html]
[foss4g.asia/2024/poster-presentations/index.html]
[foss4g.asia/2024/wp-content/uploads/2017/02/hamid_481X481.png]
[foss4g.asia/2024/pretalx/index.html]
[foss4g.asia/2024/speaker-classic/index.html]
[foss4g.asia/2024/wp-content/uploads/2017/02/J.INDU_crop-500x500.png]
[foss4g.asia/2024/workshop-list/index.html]
[foss4g.asia/2024/wp-content/uploads/2024/11/Kamolratn-Chureesampant-500x500.jpg]
[foss4g.asia/2024/oral-presentation/index.html]
[foss4g.asia/2024/poster-presentation/index.html]
[foss4g.asia/2024/wp-content/uploads/2024/06/mn_2023_800x582-500x500.jpg]
[foss4g.asia/2024/panel-discussion/index.html]
[foss4g.asia/2024/wp-content/uploads/2017/02/cannata-500x500.png]
[foss4g.asia/2024/awards/index.html]
[foss4g.asia/2024/wp-content/uploads/2024/06/Naphasinee-Suebsuk_Crop-500x500.png]
[foss4g.asia/2024/ic-breaking/index.html]
[foss4g.asia/2024/gala-dinner/index.html]
[foss4g.asia/2024/wp-content/uploads/2017/02/prapaporn_rojsiriruch-500x500.png]
[foss4g.asia/2024/foss4g-venue-map/index.html]
[foss4g.asia/2024/wp-content/uploads/2024/11/Sarawut_square-500x500.jpg]
[foss4g.asia/2024/the-venue/index.html]
[foss4g.asia/2024/wp-content/uploads/2024/06/toru_mori.png]
[foss4g.asia/2024/visiting-bangkok/index.html]
[foss4g.asia/2024/accommodation-holidayinn/index.html]
[foss4g.asia/2024/thai-cultural-etiquette/index.html]
[foss4g.asia/2024/wp-content/uploads/2021/12/25671216_194827_021-700x466.jpg]
[foss4g.asia/2024/internet-in-thailand-for-visitors/index.html]
[foss4g.asia/2024/code-of-conduct/index.html]
[foss4g.asia/2024/foss4gasia-souvenir/index.html]
[foss4g.asia/2024/wp-content/uploads/2021/12/S__39084035-700x466.jpg]
[foss4g.asia/2024/call-for-sponsors-2/index.html]
[foss4g.asia/2024/wp-content/uploads/2021/12/IMG_8760-700x466.jpg]
[foss4g.asia/2024/wp-content/uploads/2021/12/IMG_8315-700x466.jpg]
[foss4g.asia/2024/foss4g-sponsor/index.html]
[foss4g.asia/2024/schedule-query/index.html]
[foss4g.asia/2024/speaker/keynote-hamid-mehmood/index.html]
[foss4g.asia/2024/wp-content/uploads/2021/12/IMG_8370-700x466.jpg]
[foss4g.asia/2024/wp-content/uploads/2021/12/25671216_195008_385-700x466.jpg]
[foss4g.asia/2024/speaker/keynote-j-indu/index.html]
[foss4g.asia/2024/wp-content/uploads/2021/12/IMG_8833-700x466.jpg]
[foss4g.asia/2024/speaker/keynote-kamolratn-chureesampant/index.html]
[foss4g.asia/2024/speaker/keynote-markus-neteler/index.html]
[foss4g.asia/2024/wp-content/uploads/2021/12/IMG_8391-700x466.jpg]
[foss4g.asia/2024/speaker/keynote-massimiliano-cannata/index.html]
[foss4g.asia/2024/wp-content/uploads/2021/12/IMG_8394-700x466.jpg]
[foss4g.asia/2024/speaker/keynote-naphasinee-suebsuk/index.html]
[foss4g.asia/2024/wp-content/uploads/2021/12/IMG_8417-700x466.jpg]
[foss4g.asia/2024/speaker/keynote-prapaporn-rojsiriruch/index.html]
[foss4g.asia/2024/wp-content/uploads/2021/12/25671216_214727_249-700x466.jpg]
[foss4g.asia/2024/speaker/keynote-sarawut-ninsawat/index.html]
[foss4g.asia/2024/wp-content/uploads/2021/12/IMG_8384-700x466.jpg]
[foss4g.asia/2024/speaker/keynote-toru-mori-2/index.html]
[foss4g.asia/2024/wp-content/uploads/2021/12/25671216_193704_260-700x466.jpg]
[foss4g.asia/2024/wp-content/uploads/2021/12/IMG_8453-700x466.jpg]
[foss4g.asia/2024/wp-content/uploads/2021/12/IMG_8388-700x466.jpg]
[foss4g.asia/2024/wp-content/uploads/2021/12/IMG_8380-700x466.jpg]
[foss4g.asia/2024/wp-content/uploads/2021/12/IMG_8306-700x466.jpg]
[foss4g.asia/2024/wp-content/uploads/2021/12/25671216_195956_030-700x466.jpg]
[foss4g.asia/2024/wp-content/uploads/2021/12/IMG_8769-700x466.jpg]
[foss4g.asia/2024/wp-content/uploads/2021/12/IMG_8361-700x466.jpg]
[foss4g.asia/2024/wp-content/uploads/2021/12/IMG_8365-700x466.jpg]
[foss4g.asia/2024/wp-content/uploads/2021/12/IMG_8449-700x466.jpg]
[foss4g.asia/2024/wp-content/uploads/2021/12/IMG_8267-700x466.jpg]
[foss4g.asia/2024/wp-content/uploads/2021/12/25671216_200857_406-700x466.jpg]
[foss4g.asia/2024/wp-content/uploads/2021/12/IMG_8846-700x466.jpg]
[cdn.jsdelivr.net/npm/leaflet@1.9.3/dist/leaflet.min.css]
[cdn.jsdelivr.net/npm/leaflet@1.9.3/dist/leaflet.min.js]
[foss4g.asia/2024/wp-content/uploads/2024/07/SWU_Social_Sciences_EN_Color-1024x331.png]
[foss4g.asia/2024/wp-content/uploads/2024/07/OSGeoTH-1-1024x237.jpg]
[foss4g.asia/2024/wp-content/uploads/elementor/thumbs/AGILE_LOGO_26_07-no-bg-125-x-125-qrpeo02b297yno6pnewzocuuxdm0yh6ucmviyy882w.png]
[foss4g.asia/2024/wp-content/uploads/2024/08/aitlogo_ori-100x100.png]
[foss4g.asia/2024/wp-content/uploads/2024/07/ibitz.jpg]
[foss4g.asia/2024/wp-content/uploads/2024/09/NULOGO-100x100.png]
[foss4g.asia/2024/wp-content/uploads/2024/08/omu_logo-300x100.png]
[foss4g.asia/2024/wp-content/uploads/2024/08/gaia3d_w700_Transparent-1.png]
[foss4g.asia/2024/wp-content/uploads/2024/12/GISTDA_LOGO-1024x582.png]
[foss4g.asia/2024/wp-content/uploads/2024/12/Re_Earth-Horizontal1200-1024x334.png]
[foss4g.asia/2024/wp-content/uploads/2024/11/Vallaris_trans.png]
[foss4g.asia/2024/wp-content/uploads/2024/10/Geolabs.jpg]
[foss4g.asia/2024/wp-content/uploads/2024/11/MIERUNE_logo02-1024x261.png]
[foss4g.asia/2024/wp-content/uploads/2024/11/FOSS4G_logo_apptec.png]
[foss4g.asia/2024/wp-content/uploads/2024/09/LOGO_OSGeoKoreanChapter-1024x545.png]
[foss4g.asia/2024/wp-content/uploads/2024/10/osgeo_jp-1024x257.png]
[foss4g.asia/2024/wp-content/uploads/2024/08/TomTom-logo-RGB_lockup-1024x334.png]
[foss4g.asia/2024/wp-content/uploads/2024/09/NAaO-1024x362.jpg]
[foss4g.asia/2024/wp-content/uploads/2024/05/Geoinformatic_logo.jpg]
[foss4g.asia/2024/wp-content/uploads/2021/12/FOSS4G-Ribbon_Trans-300x167.png]
[foss4g.asia/2024/wp-content/uploads/2024/08/GIS-ideas-logo-HEADER.png]
[foss4g.asia/2024/wp-content/uploads/2024/11/Logo_Re_Earth.png]
[foss4g.asia/2024/wp-content/plugins/elementor/assets/css/widget-icon-list.min.css]
[foss4g.asia/2024/wp-content/plugins/woocommerce/assets/client/blocks/wc-blocks.css]
[foss4g.asia/2024/wp-content/uploads/elementor/css/post-873.css]
[foss4g.asia/2024/schedule-tab/index.html]
[foss4g.asia/2024/wp-content/plugins/elementor/assets/lib/animations/animations.min.css]
[foss4g.asia/2024/speaker-grid/index.html]
[foss4g.asia/2024/wp-content/uploads/elementor/css/post-867.css]
[foss4g.asia/2024/about-the-event/index.html]
[foss4g.asia/2024/wp-content/uploads/elementor/css/post-3376.css]
[foss4g.asia/2024/wp-content/uploads/elementor/css/post-2448.css]
[foss4g.asia/2024/wp-content/plugins/revslider/public/assets/css/rs6.css]
[foss4g.asia/2024/wp-includes/js/imagesloaded.min.js]
[foss4g.asia/2024/wp-includes/js/masonry.min.js]
[foss4g.asia/2024/wp-includes/js/jquery/ui/effect.min.js]
[foss4g.asia/2024/wp-content/plugins/grandconference-elementor/assets/js/jquery.lazy.js]
[foss4g.asia/2024/wp-content/plugins/grandconference-elementor/assets/js/jquery.parallax-scroll.js]
[foss4g.asia/2024/wp-content/plugins/grandconference-elementor/assets/js/jquery.smoove.js]
[foss4g.asia/2024/wp-content/plugins/grandconference-elementor/assets/js/parallax.js]
[foss4g.asia/2024/wp-content/plugins/grandconference-elementor/assets/js/jquery.blast.js]
[foss4g.asia/2024/wp-content/plugins/grandconference-elementor/assets/js/jarallax.js]
[foss4g.asia/2024/wp-content/plugins/grandconference-elementor/assets/js/jquery.sticky-sidebar.js]
[foss4g.asia/2024/wp-content/plugins/grandconference-elementor/assets/js/grandconference-elementor.js]
[foss4g.asia/2024/wp-includes/js/dist/hooks.min.js]
[foss4g.asia/2024/wp-includes/js/dist/i18n.min.js]
[foss4g.asia/2024/wp-content/plugins/contact-form-7/includes/swv/js/index.js]
[foss4g.asia/2024/wp-content/plugins/contact-form-7/includes/js/index.js]
[foss4g.asia/2024/wp-content/plugins/embedpress/assets/js/front.js]
[foss4g.asia/2024/wp-content/plugins/revslider/public/assets/js/rbtools.min.js]
[foss4g.asia/2024/wp-includes/js/jquery/ui/core.min.js]
[foss4g.asia/2024/wp-content/plugins/revslider/public/assets/js/rs6.min.js]
[foss4g.asia/2024/wp-content/themes/grandconference/js/jquery.requestAnimationFrame.js]
[foss4g.asia/2024/wp-content/themes/grandconference/js/ilightbox.packed.js]
[foss4g.asia/2024/wp-content/themes/grandconference/js/jquery.easing.js]
[foss4g.asia/2024/wp-content/themes/grandconference/js/waypoints.min.js]
[foss4g.asia/2024/wp-content/themes/grandconference/js/jquery.isotope.js]
[foss4g.asia/2024/wp-content/themes/grandconference/js/jquery.masory.js]
[foss4g.asia/2024/wp-content/themes/grandconference/js/jquery.tooltipster.min.js]
[foss4g.asia/2024/wp-content/themes/grandconference/js/jquery.sticky-kit.min.js]
[foss4g.asia/2024/wp-content/themes/grandconference/js/jquery.stellar.min.js]
[foss4g.asia/2024/wp-content/themes/grandconference/js/jquery.cookie.js]
[foss4g.asia/2024/wp-content/themes/grandconference/js/custom_plugins.js]
[foss4g.asia/2024/wp-content/themes/grandconference/js/custom.js]
[foss4g.asia/2024/wp-content/plugins/event-tickets/src/resources/js/rsvp.min.js]
[foss4g.asia/2024/wp-content/plugins/event-tickets/src/resources/js/ticket-details.min.js]
[foss4g.asia/2024/wp-content/plugins/event-tickets/common/src/resources/js/underscore-before.js]
[foss4g.asia/2024/wp-includes/js/underscore.min.js]
[foss4g.asia/2024/wp-content/plugins/event-tickets/common/src/resources/js/underscore-after.js]
[foss4g.asia/2024/wp-content/plugins/event-tickets/common/src/resources/js/tribe-common.min.js]
[foss4g.asia/2024/wp-content/plugins/event-tickets/common/src/resources/js/tec-a11y-dialog.min.js]
[foss4g.asia/2024/wp-content/plugins/event-tickets/common/src/resources/js/dialog.min.js]
[foss4g.asia/2024/wp-content/plugins/event-tickets/src/resources/js/app/vendor-babel.min.js]
[foss4g.asia/2024/wp-content/plugins/event-tickets/build/Seating/utils.js]
[foss4g.asia/2024/wp-content/plugins/event-tickets/build/Seating/ajax.js]
[foss4g.asia/2024/wp-content/plugins/event-tickets/build/Seating/service.js]
[foss4g.asia/2024/wp-content/plugins/event-tickets/build/Seating/currency.js]
[foss4g.asia/2024/wp-content/plugins/event-tickets/build/Seating/frontend/session.js]
[foss4g.asia/2024/wp-content/plugins/event-tickets/build/Seating/frontend/ticketsBlock.js]
[foss4g.asia/2024/wp-content/plugins/woocommerce/assets/js/sourcebuster/sourcebuster.min.js]
[foss4g.asia/2024/wp-content/plugins/woocommerce/assets/js/frontend/order-attribution.min.js]
[foss4g.asia/2024/wp-content/plugins/wp-smushit/app/assets/js/smush-lazy-load.min.js]
[foss4g.asia/2024/wp-content/plugins/grandconference-elementor/assets/js/jquery.animatedheadline.js]
[foss4g.asia/2024/wp-content/plugins/grandconference-elementor/assets/js/tilt.jquery.js]
[foss4g.asia/2024/wp-content/plugins/elementor/assets/js/webpack.runtime.min.js]
[foss4g.asia/2024/wp-content/plugins/elementor/assets/js/frontend-modules.min.js]
[foss4g.asia/2024/wp-content/plugins/elementor/assets/lib/waypoints/waypoints.min.js]
[foss4g.asia/2024/index.html]
[foss4g.asia/2024/xmlrpc.html]
[foss4g.asia/2024/wp-content/plugins/contact-form-7/includes/css/styles.css]
[foss4g.asia/2024/wp-content/plugins/embedpress/assets/css/embedpress.css]
[foss4g.asia/2024/wp-content/plugins/woocommerce/assets/css/woocommerce-layout.css]
[foss4g.asia/2024/wp-content/plugins/woocommerce/assets/css/woocommerce-smallscreen.css]
[foss4g.asia/2024/wp-content/plugins/elementor/assets/js/frontend.min.js]
[foss4g.asia/2024/wp-content/plugins/woocommerce/assets/fonts/WooCommerce.woff2]
[foss4g.asia/2024/wp-content/plugins/woocommerce/assets/fonts/WooCommerce.woff]
[foss4g.asia/2024/wp-content/plugins/woocommerce/assets/fonts/WooCommerce.ttf]
[foss4g.asia/2024/wp-content/plugins/woocommerce/assets/css/woocommerce.css]
[foss4g.asia/2024/wp-content/themes/grandconference/css/reset.css]
[foss4g.asia/2024/wp-content/themes/grandconference/css/wordpress.css]
[foss4g.asia/2024/wp-content/themes/grandconference/css/animation.css]
[foss4g.asia/2024/wp-content/themes/grandconference/css/dark-skin/skin.css]
[foss4g.asia/2024/wp-content/themes/grandconference/css/light-skin/skin.css]
[foss4g.asia/2024/wp-content/themes/grandconference/css/parade-skin/skin.css]
[foss4g.asia/2024/wp-content/themes/grandconference/css/metro-black-skin/skin.css]
[foss4g.asia/2024/wp-content/themes/grandconference/css/metro-white-skin/skin.css]
[foss4g.asia/2024/wp-content/themes/grandconference/css/mac-skin/skin.css]
[foss4g.asia/2024/wp-content/themes/grandconference/css/smooth-skin/skin.css]
[foss4g.asia/2024/wp-content/themes/grandconference/css/ilightbox/closedhand.cur]
[foss4g.asia/2024/wp-content/themes/grandconference/css/social_icons/facebook_16.png]
[foss4g.asia/2024/wp-content/themes/grandconference/css/social_icons/digg_16.png]
[foss4g.asia/2024/wp-content/themes/grandconference/css/social_icons/twitter_16.png]
[foss4g.asia/2024/wp-content/themes/grandconference/css/social_icons/delicious_16.png]
[foss4g.asia/2024/wp-content/themes/grandconference/css/social_icons/reddit_16.png]
[foss4g.asia/2024/wp-content/themes/grandconference/css/social_icons/google_plus_16.png]
[foss4g.asia/2024/wp-content/themes/grandconference/css/ilightbox/ilightbox.css]
[foss4g.asia/2024/wp-content/themes/grandconference/css/jqueryui/images/ui-bg_highlight-soft_75_cccccc_1x100.png]
[foss4g.asia/2024/wp-content/themes/grandconference/css/jqueryui/images/ui-bg_glass_75_e6e6e6_1x400.png]
[foss4g.asia/2024/wp-content/themes/grandconference/css/jqueryui/images/ui-bg_glass_75_dadada_1x400.png]
[foss4g.asia/2024/wp-content/themes/grandconference/css/jqueryui/images/ui-bg_glass_65_ffffff_1x400.png]
[foss4g.asia/2024/wp-content/themes/grandconference/css/jqueryui/images/ui-bg_glass_55_fbf9ee_1x400.png]
[foss4g.asia/2024/wp-content/themes/grandconference/css/jqueryui/images/ui-bg_glass_95_fef1ec_1x400.png]
[foss4g.asia/2024/wp-content/themes/grandconference/css/jqueryui/images/ui-icons_222222_256x240.png]
[foss4g.asia/2024/wp-content/themes/grandconference/css/jqueryui/images/ui-icons_888888_256x240.png]
[foss4g.asia/2024/wp-content/themes/grandconference/css/jqueryui/images/ui-icons_454545_256x240.png]
[foss4g.asia/2024/wp-content/themes/grandconference/css/jqueryui/images/ui-icons_2e83ff_256x240.png]
[foss4g.asia/2024/wp-content/themes/grandconference/css/jqueryui/images/ui-icons_cd0a0a_256x240.png]
[foss4g.asia/2024/wp-content/themes/grandconference/css/jqueryui/images/ui-bg_flat_0_aaaaaa_40x100.png]
[foss4g.asia/2024/wp-content/themes/grandconference/css/jqueryui/custom.css]
[foss4g.asia/2024/wp-includes/js/mediaelement/mediaelementplayer-legacy.min.css]
[foss4g.asia/2024/wp-content/themes/grandconference/js/flexslider/flexslider.css]
[foss4g.asia/2024/wp-content/themes/grandconference/css/tooltipster.css]
[foss4g.asia/2024/wp-content/themes/grandconference/css/odometer-theme-minimal.css]
[foss4g.asia/2024/wp-content/themes/grandconference/css/screen.css]
[foss4g.asia/2024/wp-content/themes/grandconference/css/menus/leftalignmenu.css]
[foss4g.asia/2024/wp-includes/js/mediaelement/mejs-controls.svg]
[foss4g.asia/2024/wp-content/themes/grandconference/webfonts/fa-brands-400.eot]
[foss4g.asia/2024/wp-content/themes/grandconference/webfonts/fa-brands-400.woff2]
[foss4g.asia/2024/wp-content/themes/grandconference/webfonts/fa-brands-400d41d.eot]
[foss4g.asia/2024/wp-content/themes/grandconference/webfonts/fa-brands-400.woff]
[foss4g.asia/2024/wp-content/themes/grandconference/webfonts/fa-brands-400.ttf]
[foss4g.asia/2024/wp-content/themes/grandconference/webfonts/fa-brands-400.svg]
[foss4g.asia/2024/wp-content/themes/grandconference/webfonts/fa-regular-400.eot]
[foss4g.asia/2024/wp-content/themes/grandconference/webfonts/fa-regular-400d41d.eot]
[foss4g.asia/2024/wp-content/themes/grandconference/webfonts/fa-regular-400.woff2]
[foss4g.asia/2024/wp-content/themes/grandconference/webfonts/fa-regular-400.woff]
[foss4g.asia/2024/wp-content/themes/grandconference/webfonts/fa-regular-400.ttf]
[foss4g.asia/2024/wp-content/themes/grandconference/webfonts/fa-regular-400.svg]
[foss4g.asia/2024/wp-content/themes/grandconference/webfonts/fa-solid-900.eot]
[foss4g.asia/2024/wp-content/themes/grandconference/webfonts/fa-solid-900d41d.eot]
[foss4g.asia/2024/wp-content/themes/grandconference/webfonts/fa-solid-900.woff2]
[foss4g.asia/2024/wp-content/themes/grandconference/webfonts/fa-solid-900.woff]
[foss4g.asia/2024/wp-content/themes/grandconference/webfonts/fa-solid-900.ttf]
[foss4g.asia/2024/wp-content/themes/grandconference/css/font-awesome.min.css]
[foss4g.asia/2024/wp-content/themes/grandconference/webfonts/fa-solid-900.svg]
[foss4g.asia/2024/wp-content/themes/grandconference/fonts/themify.eot]
[foss4g.asia/2024/wp-content/themes/grandconference/fonts/themify.woff]
[foss4g.asia/2024/wp-content/themes/grandconference/fonts/themify.ttf]
[foss4g.asia/2024/wp-content/themes/grandconference/css/themify-icons.css]
[foss4g.asia/2024/wp-admin/admin-ajaxb700.css]
[foss4g.asia/2024/wp-content/plugins/event-tickets/common/src/resources/css/variables-skeleton.min.css]
[foss4g.asia/2024/wp-content/plugins/event-tickets/common/src/resources/css/variables-full.min.css]
[foss4g.asia/2024/wp-content/plugins/event-tickets/src/resources/css/rsvp-v1.min.css]
[foss4g.asia/2024/wp-content/themes/grandconference/fonts/themify.svg]
[foss4g.asia/2024/wp-includes/fonts/dashicons7d4b.eot]
[foss4g.asia/2024/wp-includes/fonts/dashicons7d4b.ttf]
[foss4g.asia/2024/wp-includes/css/dashicons.min.css]
[foss4g.asia/2024/wp-content/plugins/event-tickets/common/src/resources/css/common-skeleton.min.css]
[foss4g.asia/2024/wp-content/plugins/event-tickets/common/src/resources/css/common-full.min.css]
[foss4g.asia/2024/wp-content/plugins/event-tickets/src/resources/css/tickets.min.css]
[foss4g.asia/2024/wp-content/plugins/event-tickets/build/Seating/frontend/ticketsBlock.css]
[foss4g.asia/2024/wp-content/plugins/elementor/assets/css/frontend-lite.min.css]
[foss4g.asia/2024/wp-content/plugins/elementor/assets/lib/swiper/v8/css/swiper.min.css]
[foss4g.asia/2024/wp-content/uploads/elementor/css/post-388.css]
[foss4g.asia/2024/wp-content/plugins/grandconference-elementor/assets/css/animatedheadline.css]
[foss4g.asia/2024/wp-content/plugins/grandconference-elementor/assets/css/justifiedGallery.css]
[foss4g.asia/2024/wp-content/plugins/grandconference-elementor/assets/css/flickity.css]
[foss4g.asia/2024/wp-content/plugins/grandconference-elementor/assets/css/owl.video.play.png]
[foss4g.asia/2024/wp-content/plugins/grandconference-elementor/assets/css/owl.theme.default.min.css]
[foss4g.asia/2024/wp-content/plugins/grandconference-elementor/assets/css/switchery.css]
[foss4g.asia/2024/wp-content/plugins/grandconference-elementor/assets/index.html]
[foss4g.asia/2024/wp-content/plugins/grandconference-elementor/assets/css/grandconference-elementor.css]
[foss4g.asia/2024/wp-content/plugins/grandconference-elementor/assets/css/grandconference-elementor-responsive.css]
[foss4g.asia/2024/wp-content/uploads/2024/03/bangkok.png]
[foss4g.asia/2024/wp-content/uploads/2017/02/26549211695_14ca70baa9_o.jpg]
[foss4g.asia/2024/wp-content/uploads/elementor/css/post-5454.css]
[foss4g.asia/2024/wp-content/plugins/event-tickets/src/resources/css/rsvp.min.css]
[foss4g.asia/2024/wp-content/themes/grandconference/css/grid.css]
[foss4g.asia/2024/xmlrpc0db0.html]
[foss4g.asia/2024/wp-includes/css/dist/block-library/style.min.css]
[foss4g.asia/2024/wp-json/wp/v2/pages/27.json]
[foss4g.asia/2024/wp-json/oembed/1.0/embed356f.json]
[foss4g.asia/2024/about/index.html]
[foss4g.asia/2024/wp-json/oembed/1.0/embed86b5]
[foss4g.asia/2024/wp-content/uploads/elementor/css/post-3985.css]
[foss4g.asia/2024/wp-json/wp/v2/pages/3985.json]
[foss4g.asia/2024/wp-json/oembed/1.0/embede567.json]
[foss4g.asia/2024/wp-json/oembed/1.0/embedae94]
[foss4g.asia/2024/wp-content/uploads/2024/03/foss4g-history-1024x766-1-768x575.jpg]
[foss4g.asia/2024/about/foss4g-history/index.html]
[foss4g.asia/2024/wp-content/uploads/elementor/css/post-4028.css]
[foss4g.asia/2024/wp-json/wp/v2/pages/4028.json]
[foss4g.asia/2024/wp-json/oembed/1.0/embedfab4.json]
[foss4g.asia/2024/wp-json/oembed/1.0/embedfe86]
[foss4g.asia/2024/wp-content/uploads/2024/03/foss4g-asia-2023-logo.png]
[foss4g.asia/2024/wp-content/uploads/2024/03/FOSS4G-asia-2021-logo-1-237x300.png]
[foss4g.asia/2024/wp-content/uploads/2024/03/foss4g-2018-logo-1-300x271.png]
[foss4g.asia/2024/wp-content/uploads/2024/03/foss4g-2017-logo-1.png]
[foss4g.asia/2024/wp-content/uploads/2024/03/foss4g-2014-logo-1.png]
[foss4g.asia/2024/wp-content/uploads/2024/03/foss4g-history-1024x766-1-300x224.jpg]
[foss4g.asia/2024/about/foss4g-asia-2/index.html]
[foss4g.asia/2024/wp-json/wp/v2/pages/281.json]
[foss4g.asia/2024/wp-json/oembed/1.0/embed621e.json]
[foss4g.asia/2024/secretariat/index.html]
[foss4g.asia/2024/wp-json/oembed/1.0/embed6b6e]
[foss4g.asia/2024/wp-json/wp/v2/pages/3518.json]
[foss4g.asia/2024/wp-json/oembed/1.0/embed055d.json]
[foss4g.asia/2024/conference-committees/index.html]
[foss4g.asia/2024/wp-json/oembed/1.0/embede6d8]
[foss4g.asia/2024/wp-content/uploads/elementor/css/post-3816.css]
[foss4g.asia/2024/wp-json/wp/v2/pages/3816.json]
[foss4g.asia/2024/wp-json/oembed/1.0/embedb751.json]
[foss4g.asia/2024/wp-json/oembed/1.0/embedaa0a]
[foss4g.asia/2024/wp-content/uploads/2024/06/Foss4G-2024-logo-sanit-300x300.png]
[foss4g.asia/2024/wp-content/uploads/2024/06/FOSS4G-2024-BlueBG.png]
[foss4g.asia/2024/wp-content/uploads/2024/06/FOSS4G-2024-BlueBG-300x300.png]
[foss4g.asia/2024/wp-content/uploads/2024/06/FOSS4G-2024-TransBG-1.png]
[foss4g.asia/2024/wp-content/uploads/2024/06/FOSS4G-2024-TransBG-1-300x300.png]
[foss4g.asia/2024/wp-content/uploads/2024/06/Foss4G-2024-logo-sanit.png]
[foss4g.asia/2024/wp-content/uploads/2021/12/Foss4G-2024-tran_WhiteBG.png]
[foss4g.asia/2024/conference-logo/index.html]
[foss4g.asia/2024/wp-content/uploads/elementor/css/post-3792.css]
[foss4g.asia/2024/wp-json/wp/v2/pages/3792.json]
[foss4g.asia/2024/wp-json/oembed/1.0/embedb2d6.json]
[foss4g.asia/2024/academic-track/index.html]
[foss4g.asia/2024/wp-json/oembed/1.0/embed8b19]
[foss4g.asia/2024/product/academic-track/index.html]
[foss4g.asia/2024/wp-json/wp/v2/pages/3227.json]
[foss4g.asia/2024/wp-json/oembed/1.0/embededf4.json]
[foss4g.asia/2024/general-track/index.html]
[foss4g.asia/2024/wp-json/oembed/1.0/embedaf4c]
[foss4g.asia/2024/wp-json/wp/v2/pages/138.json]
[foss4g.asia/2024/wp-json/oembed/1.0/embed55fd.json]
[foss4g.asia/2024/poster-presentations/index.html]
[foss4g.asia/2024/wp-json/oembed/1.0/embedfaf8]
[foss4g.asia/2024/wp-content/uploads/elementor/css/post-4741.css]
[foss4g.asia/2024/wp-json/wp/v2/pages/4741.json]
[foss4g.asia/2024/wp-json/oembed/1.0/embed028f.json]
[foss4g.asia/2024/wp-json/oembed/1.0/embed58e3]
[foss4g.asia/2024/pretalx/index.html]
[foss4g.asia/2024/wp-content/uploads/elementor/css/post-3217.css]
[foss4g.asia/2024/wp-content/uploads/elementor/css/post-1820.css]
[foss4g.asia/2024/wp-json/wp/v2/pages/1820.json]
[foss4g.asia/2024/wp-json/oembed/1.0/embedd18d.json]
[foss4g.asia/2024/wp-json/oembed/1.0/embed9e42]
[foss4g.asia/2024/speaker-classic/index.html]
[foss4g.asia/2024/wp-content/plugins/grandconference-elementor/assets/js/jquery.countdown.js]
[foss4g.asia/2024/wp-content/uploads/elementor/css/post-70.css]
[foss4g.asia/2024/wp-json/wp/v2/pages/70.json]
[foss4g.asia/2024/wp-json/oembed/1.0/embed0c6a.json]
[foss4g.asia/2024/workshop-list/index.html]
[foss4g.asia/2024/wp-json/oembed/1.0/embedae78]
[foss4g.asia/2024/wp-content/uploads/elementor/css/post-3911.css]
[foss4g.asia/2024/wp-json/wp/v2/pages/3911.json]
[foss4g.asia/2024/wp-json/oembed/1.0/embed47bc.json]
[foss4g.asia/2024/oral-presentation/index.html]
[foss4g.asia/2024/wp-json/oembed/1.0/embed5a54]
[foss4g.asia/2024/wp-content/uploads/elementor/css/post-5189.css]
[foss4g.asia/2024/wp-json/wp/v2/pages/5189.json]
[foss4g.asia/2024/wp-json/oembed/1.0/embed6aae.json]
[foss4g.asia/2024/wp-json/oembed/1.0/embedd3c3]
[foss4g.asia/2024/wp-content/uploads/2024/11/POSTER-Template-A0-foss4g2024.pptx]
[foss4g.asia/2024/poster-presentation/index.html]
[foss4g.asia/2024/wp-json/wp/v2/pages/6024.json]
[foss4g.asia/2024/wp-json/oembed/1.0/embed9035.json]
[foss4g.asia/2024/panel-discussion/index.html]
[foss4g.asia/2024/wp-json/oembed/1.0/embedb5dc]
[foss4g.asia/2024/wp-json/wp/v2/pages/32.json]
[foss4g.asia/2024/wp-json/oembed/1.0/embed1191.json]
[foss4g.asia/2024/wp-json/oembed/1.0/embedd0fd]
[foss4g.asia/2021/wp-content/uploads/2021/08/P1020456_edited.jpg]
[foss4g.asia/2024/wp-content/uploads/2024/03/Kayama-san.jpg]
[foss4g.asia/2024/wp-content/uploads/2024/03/Kayama-san-2.jpg]
[foss4g.asia/2024/wp-content/uploads/2024/03/Martin-3-1.png]
[foss4g.asia/2024/wp-content/uploads/2024/03/TFAB3296-1024x683-1.jpg]
[foss4g.asia/2024/wp-content/uploads/2024/03/Gerald-1024x694.png]
[foss4g.asia/2024/awards/index.html]
[foss4g.asia/2024/wp-content/uploads/elementor/css/post-5683.css]
[foss4g.asia/2024/wp-json/wp/v2/pages/5683.json]
[foss4g.asia/2024/wp-json/oembed/1.0/embed4b9f.json]
[foss4g.asia/2024/wp-json/oembed/1.0/embedbd06]
[foss4g.asia/2024/wp-content/uploads/2024/11/LINE_ALBUM_Baa-Bar_241119_1-250x300.jpg]
[foss4g.asia/2024/wp-content/uploads/2024/11/LINE_ALBUM_Baa-Bar_241119_2-300x225.jpg]
[foss4g.asia/2024/wp-content/uploads/2024/11/LINE_ALBUM_Baa-Bar_241119_1-1-300x200.jpg]
[foss4g.asia/2024/wp-content/uploads/2024/11/466464881_986007643542062_5428548608016637489_n-300x200.jpg]
[unpkg.com/leaflet@1.9.4/dist/leaflet.css]
[unpkg.com/leaflet@1.9.4/dist/leaflet.js]
[foss4g.asia/2024/ic-breaking/index.html]
[unpkg.com/leaflet-routing-machine@3.2.12/dist/leaflet-routing-machine.js]
[foss4g.asia/2024/wp-content/uploads/elementor/css/post-5696.css]
[foss4g.asia/2024/wp-json/wp/v2/pages/5696.json]
[foss4g.asia/2024/wp-json/oembed/1.0/embedea2d.json]
[foss4g.asia/2024/wp-json/oembed/1.0/embedb13d]
[foss4g.asia/2024/wp-content/uploads/2024/11/messageImage_1732020181682-e1732066622972.jpg]
[foss4g.asia/2024/gala-dinner/index.html]
[foss4g.asia/2024/wp-json/wp/v2/pages/5935.json]
[foss4g.asia/2024/wp-json/oembed/1.0/embed6689.json]
[foss4g.asia/2024/foss4g-venue-map/index.html]
[foss4g.asia/2024/wp-json/oembed/1.0/embed7a3b]
[foss4g.asia/2024/wp-content/uploads/elementor/css/post-51.css]
[foss4g.asia/2024/wp-json/wp/v2/pages/51.json]
[foss4g.asia/2024/wp-json/oembed/1.0/embedf6ff.json]
[foss4g.asia/2024/wp-json/oembed/1.0/embedb4b6]
[foss4g.asia/2024/wp-content/uploads/2024/11/462559796_1270040671082628_4282879705928602193_n-300x225.jpg]
[foss4g.asia/2024/wp-content/uploads/2024/11/462569142_1080668880231276_5149273037325635478_n-300x225.jpg]
[foss4g.asia/2024/wp-content/uploads/2024/11/462571073_449705564806966_3016230693635230585_n-300x225.jpg]
[foss4g.asia/2024/wp-content/uploads/2024/11/462537999_1284490026085306_3469095459573579268_n-300x225.jpg]
[foss4g.asia/2024/wp-content/uploads/2024/11/462548823_2824801847682155_2169363486416886192_n-300x225.jpg]
[foss4g.asia/2024/wp-content/uploads/2024/11/462536932_2040744776345120_5645224571991785600_n-300x225.jpg]
[foss4g.asia/2024/wp-content/uploads/2024/11/462535590_534194519520311_1984490549911137110_n-300x225.jpg]
[foss4g.asia/2024/wp-content/uploads/2024/11/462547393_1264017454793011_4122674450912641873_n-300x225.jpg]
[foss4g.asia/2024/wp-content/uploads/2024/11/462542417_1974289276382582_5745984290203487868_n-300x225.jpg]
[foss4g.asia/2024/wp-content/uploads/2024/11/Foss4g-asia-Schduleoverview_allbuilding.png]
[foss4g.asia/2024/wp-content/uploads/2024/11/Building33_ProfSaroj.jpg]
[foss4g.asia/2024/wp-content/uploads/2024/11/FloorPlan_exhibition-1024x669.jpg]
[foss4g.asia/2024/wp-content/uploads/2024/11/FloorPlan_Main_Floor4_Foss4g_spons_fullname-1.png]
[foss4g.asia/2024/wp-content/uploads/2024/11/Floor11_Wokshop-300x225.jpg]
[foss4g.asia/2024/wp-content/uploads/2024/11/floor11_workshop1102-300x225.jpg]
[foss4g.asia/2024/wp-content/uploads/2024/11/floor11_workshop1101-300x225.jpg]
[foss4g.asia/2024/wp-content/uploads/2024/11/floor11_workshop1104-300x225.jpg]
[foss4g.asia/2024/wp-content/uploads/2024/11/315-tn-300x184.png]
[foss4g.asia/2024/wp-content/uploads/2024/11/462571037_922469926478453_2817642004777376896_n-300x225.jpg]
[foss4g.asia/2024/wp-content/uploads/2024/11/Floor21-1024x682.jpg]
[foss4g.asia/2024/wp-content/uploads/2024/11/Building11-300x225.jpg]
[foss4g.asia/2024/wp-content/uploads/2024/11/building11-front-300x225.jpg]
[foss4g.asia/2024/wp-content/uploads/2024/11/Building11-elevator-225x300.jpg]
[foss4g.asia/2024/wp-content/uploads/2024/11/Building11-floor5-300x225.jpg]
[foss4g.asia/2024/wp-content/uploads/2024/11/Building11-503-300x225.jpg]
[foss4g.asia/2024/wp-content/uploads/2024/11/Building11-504-300x225.jpg]
[foss4g.asia/2024/the-venue/index.html]
[foss4g.asia/2024/wp-content/uploads/elementor/css/post-5784.css]
[foss4g.asia/2024/wp-json/wp/v2/pages/5784.json]
[foss4g.asia/2024/wp-json/oembed/1.0/embedbb3e.json]
[foss4g.asia/2024/wp-json/oembed/1.0/embed2dc0]
[foss4g.asia/2024/wp-content/uploads/2024/11/holidayinn_roomrate.jpg]
[foss4g.asia/2024/wp-content/uploads/2024/11/holidayinn3-300x225.jpg]
[foss4g.asia/2024/wp-content/uploads/2024/11/holidayinn2-300x300.jpg]
[foss4g.asia/2024/wp-content/uploads/2024/11/holidayinn1-300x300.jpg]
[foss4g.asia/2024/wp-content/uploads/2024/11/holidayinn4-300x171.jpg]
[foss4g.asia/2024/accommodation-holidayinn/index.html]
[foss4g.asia/2024/wp-content/uploads/elementor/css/post-5240.css]
[foss4g.asia/2024/wp-json/wp/v2/pages/5240.json]
[foss4g.asia/2024/wp-json/oembed/1.0/embed8d7a.json]
[foss4g.asia/2024/wp-json/oembed/1.0/embedeb22]
[bangkok-tourism.com/wp-content/uploads/2021/12/Temple-of-the-Reclining-Buddha-–-Wat-Pho.jpg]
[ik.imagekit.io/tvlk/loc-asset/gNr3hLh55ZCkPJisyxFK-v9MmzxPu57ZRVI+10VZ2S4b1PN/images/1561089682843-3802x2630-FIT_AND_TRIM-d0ed1e7a6352648979de1619511adf171960.jpg]
[cdn-imgix.headout.com/tour/20624/TOUR-IMAGE/6e20e38b-98f0-475a-9421-184a5859f195-10989-bangkok-wonderful-pearl-candle-light-dinner-cruise-01a5f6.jpg]
[j6m3f5v5.delivery.rocketcdn.me/wp-content/uploads/2021/01/Asiatique-dining.jpg]
[speedy.uenicdn.com/1d644ed5-b758-4229-b8ba-736fa89e3df2/c528_a/image/upload/v1684866693/business/015a869d-d333-4348-aa40-fa3fc741e9a8.jpg]
[foss4g.asia/2024/visiting-bangkok/index.html]
[foss4g.asia/2024/wp-json/wp/v2/pages/5978.json]
[foss4g.asia/2024/wp-json/oembed/1.0/embedc850.json]
[foss4g.asia/2024/thai-cultural-etiquette/index.html]
[foss4g.asia/2024/wp-json/oembed/1.0/embed776e]
[foss4g.asia/2024/wp-json/wp/v2/pages/5968.json]
[foss4g.asia/2024/wp-json/oembed/1.0/embed2b8a.json]
[foss4g.asia/2024/internet-in-thailand-for-visitors/index.html]
[foss4g.asia/2024/wp-json/oembed/1.0/embed5d46]
[foss4g.asia/2024/wp-content/uploads/elementor/css/post-5887.css]
[foss4g.asia/2024/wp-json/wp/v2/pages/5887.json]
[foss4g.asia/2024/wp-json/oembed/1.0/embedf80c.json]
[foss4g.asia/2024/wp-json/oembed/1.0/embede029]
[foss4g.asia/2024/wp-content/uploads/2024/11/S__3170318_0-768x1024.jpg]
[foss4g.asia/2024/wp-content/uploads/2024/11/IMG_1110-768x1024.png]
[foss4g.asia/2024/wp-content/uploads/2024/11/IMG_1202-768x1024.png]
[foss4g.asia/2024/wp-content/uploads/2024/11/S__109133882_0-768x1024.jpg]
[foss4g.asia/2024/foss4gasia-souvenir/index.html]
[foss4g.asia/2024/wp-content/uploads/elementor/css/post-5228.css]
[foss4g.asia/2024/wp-json/wp/v2/pages/5228.json]
[foss4g.asia/2024/wp-json/oembed/1.0/embede68c.json]
[foss4g.asia/2024/code-of-conduct/index.html]
[foss4g.asia/2024/wp-json/oembed/1.0/embed431d]
[foss4g.asia/2024/wp-content/uploads/elementor/css/post-3670.css]
[foss4g.asia/2024/wp-json/wp/v2/pages/3670.json]
[foss4g.asia/2024/wp-json/oembed/1.0/embed0f6e.json]
[foss4g.asia/2024/wp-json/oembed/1.0/embed01a8]
[foss4g.asia/2024/wp-content/uploads/2024/04/Sponsors-1024x556.png]
[foss4g.asia/2024/wp-content/uploads/2024/11/FloorPlan_exhibition.jpg]
[foss4g.asia/2024/call-for-sponsors-2/index.html]
[foss4g.asia/2024/wp-content/uploads/elementor/css/post-5093.css]
[foss4g.asia/2024/wp-json/wp/v2/pages/5093.json]
[foss4g.asia/2024/wp-json/oembed/1.0/embed20f3.json]
[foss4g.asia/2024/wp-json/oembed/1.0/embed28b8]
[foss4g.asia/2024/wp-content/uploads/elementor/thumbs/LOGO_AGILE-qxbc037ag3fous0oazk669edhiwou4ikw080k6txig.png]
[foss4g.asia/2024/wp-content/uploads/2024/12/Logo_geolabs1-1024x726.png]
[foss4g.asia/2024/wp-content/uploads/2024/12/Logo_VSK_White-1024x353.png]
[foss4g.asia/2024/foss4g-sponsor/index.html]
[foss4g.asia/2024/wp-content/uploads/elementor/css/post-5527.css]
[foss4g.asia/2024/wp-json/wp/v2/pages/5527.json]
[foss4g.asia/2024/wp-json/oembed/1.0/embede430.json]
[foss4g.asia/2024/schedule-query/index.html]
[foss4g.asia/2024/wp-json/oembed/1.0/embed0657]
[foss4g.asia/2024/wp-content/uploads/2017/02/hamid_481X481-300x300.png]
[foss4g.asia/2024/wp-json/oembed/1.0/embedc999.json]
[foss4g.asia/2024/speaker/keynote-hamid-mehmood/index.html]
[foss4g.asia/2024/wp-json/oembed/1.0/embed47fa]
[foss4g.asia/2024/wp-content/uploads/2017/02/J.INDU_crop-300x300.png]
[foss4g.asia/2024/wp-json/oembed/1.0/embed6d6e.json]
[foss4g.asia/2024/speaker/keynote-j-indu/index.html]
[foss4g.asia/2024/wp-json/oembed/1.0/embed8cb6]
[foss4g.asia/2024/wp-content/uploads/2024/11/Kamolratn-Chureesampant-300x300.jpg]
[foss4g.asia/2024/wp-json/oembed/1.0/embed6452.json]
[foss4g.asia/2024/speaker/keynote-kamolratn-chureesampant/index.html]
[foss4g.asia/2024/wp-json/oembed/1.0/embed3554]
[foss4g.asia/2024/wp-content/uploads/2024/06/mn_2023_800x582-300x218.jpg]
[foss4g.asia/2024/wp-json/oembed/1.0/embed691b.json]
[foss4g.asia/2024/speaker/keynote-markus-neteler/index.html]
[foss4g.asia/2024/wp-json/oembed/1.0/embed54f9]
[foss4g.asia/2024/wp-content/uploads/2017/02/cannata-300x226.png]
[foss4g.asia/2024/wp-json/oembed/1.0/embed5dfc.json]
[foss4g.asia/2024/speaker/keynote-massimiliano-cannata/index.html]
[foss4g.asia/2024/wp-json/oembed/1.0/embedc0a8]
[foss4g.asia/2024/wp-content/uploads/2024/06/Naphasinee-Suebsuk_Crop-300x300.png]
[foss4g.asia/2024/wp-json/oembed/1.0/embedff03.json]
[foss4g.asia/2024/speaker/keynote-naphasinee-suebsuk/index.html]
[foss4g.asia/2024/wp-json/oembed/1.0/embed691b]
[foss4g.asia/2024/wp-content/uploads/2017/02/prapaporn_rojsiriruch-234x300.png]
[foss4g.asia/2024/wp-json/oembed/1.0/embedbd94.json]
[foss4g.asia/2024/speaker/keynote-prapaporn-rojsiriruch/index.html]
[foss4g.asia/2024/wp-json/oembed/1.0/embedfacc]
[foss4g.asia/2024/wp-content/uploads/2024/11/Sarawut_square-300x300.jpg]
[foss4g.asia/2024/wp-json/oembed/1.0/embedfc36.json]
[foss4g.asia/2024/speaker/keynote-sarawut-ninsawat/index.html]
[foss4g.asia/2024/wp-json/oembed/1.0/embedfbe9]
[foss4g.asia/2024/wp-content/uploads/2024/06/toru_mori-300x300.png]
[foss4g.asia/2024/wp-json/oembed/1.0/embed362c.json]
[foss4g.asia/2024/speaker/keynote-toru-mori-2/index.html]
[foss4g.asia/2024/wp-json/oembed/1.0/embed55b5]
[cdn.jsdelivr.net/npm/leaflet@1.9.3/dist/images/layers.png]
[cdn.jsdelivr.net/npm/leaflet@1.9.3/dist/images/layers-2x.png]
[cdn.jsdelivr.net/npm/leaflet@1.9.3/dist/leaflet.min.css]
[cdn.jsdelivr.net/npm/leaflet@1.9.3/dist/images/marker-icon.png]
[foss4g.asia/2024/wp-content/plugins/elementor/assets/css/widget-icon-list.min.css]
[foss4g.asia/2024/home-5-business-forum/index.html]
[foss4g.asia/2024/wp-content/uploads/elementor/css/post-1739.css]
[foss4g.asia/2024/wp-json/wp/v2/pages/1739.json]
[foss4g.asia/2024/home-5-business-forum-2/index.html]
[foss4g.asia/2024/wp-json/oembed/1.0/embed4f2a.json]
[foss4g.asia/2024/wp-json/oembed/1.0/embedafb5]
[foss4g.asia/2024/wp-content/uploads/2017/02/GeneralTrack-150x150.png]
[foss4g.asia/2024/wp-content/uploads/2017/02/Keynote_Speaker-150x150.png]
[foss4g.asia/2024/speaker/workshop/index.html]
[foss4g.asia/2024/wp-content/uploads/2017/02/Book_Academic-150x150.png]
[foss4g.asia/2024/wp-content/uploads/2024/06/mn_2023_800x582-150x150.jpg]
[foss4g.asia/2024/speaker/technical-session/index.html]
[foss4g.asia/2024/wp-content/uploads/2024/08/aitlogo_60per-150x150.png]
[foss4g.asia/2024/speaker/poster-session/index.html]
[foss4g.asia/2024/wp-content/uploads/2017/02/J.INDU_crop-150x150.png]
[foss4g.asia/2024/index439b.html]
[foss4g.asia/2024/speaker/ait-representatives/index.html]
[foss4g.asia/2024/wp-content/uploads/2017/02/hamid_481X481-150x150.png]
[foss4g.asia/2024/wp-content/uploads/2024/03/Conference-150x150.png]
[foss4g.asia/2024/wp-content/uploads/2017/02/cannata-150x150.png]
[foss4g.asia/2024/wp-content/uploads/2024/06/Naphasinee-Suebsuk_Crop-150x150.png]
[foss4g.asia/2024/speaker/government-representatives/index.html]
[foss4g.asia/2024/wp-content/uploads/2017/02/prapaporn_rojsiriruch-150x150.png]
[foss4g.asia/2024/wp-content/uploads/2024/06/toru_mori-150x150.png]
[foss4g.asia/2024/wp-content/uploads/2024/07/OSGeoTH-1-150x150.jpg]
[foss4g.asia/2024/schedule-tab/index.html]
[foss4g.asia/2024/wp-content/uploads/elementor/css/post-1305.css]
[foss4g.asia/2024/index90bf.html]
[foss4g.asia/2024/wp-content/uploads/elementor/css/post-1774.css]
[foss4g.asia/2024/speaker/representatives-osgeo/index.html]
[foss4g.asia/2024/wp-json/wp/v2/pages/1774.json]
[foss4g.asia/2024/wp-json/oembed/1.0/embed9477.json]
[foss4g.asia/2024/wp-json/oembed/1.0/embedb5cd]
[foss4g.asia/2024/wp-content/uploads/2017/02/GeneralTrack-500x500.png]
[foss4g.asia/2024/wp-content/uploads/2017/02/Keynote_Speaker-500x500.png]
[foss4g.asia/2024/speaker/academic-session/index.html]
[foss4g.asia/2024/wp-content/uploads/2017/02/Book_Academic-500x500.png]
[foss4g.asia/2024/speaker-grid/index.html]
[foss4g.asia/2024/about-the-event/index.html]
[foss4g.asia/2024/wp-content/plugins/woocommerce/assets/client/blocks/wc-blocks.css]
[foss4g.asia/2024/wp-content/uploads/elementor/css/post-873.css]
[foss4g.asia/2024/wp-content/plugins/elementor/assets/lib/animations/animations.min.css]
[foss4g.asia/2024/wp-content/uploads/elementor/css/post-867.css]
[foss4g.asia/2024/wp-content/uploads/elementor/css/post-3376.css]
[foss4g.asia/2024/wp-content/uploads/elementor/css/post-2448.css]
[foss4g.asia/2024/wp-content/plugins/revslider/public/assets/fonts/revicons/revicons90c6.eot]
[foss4g.asia/2024/wp-content/plugins/revslider/public/assets/fonts/revicons/revicons90c6.woff]
[foss4g.asia/2024/wp-content/plugins/revslider/public/assets/fonts/revicons/revicons90c6.ttf]
[foss4g.asia/2024/wp-content/plugins/revslider/public/assets/fonts/revicons/revicons90c6.svg]
[foss4g.asia/2024/wp-content/plugins/revslider/public/assets/assets/gridtile.png]
[foss4g.asia/2024/wp-content/plugins/revslider/public/assets/assets/gridtile_white.png]
[foss4g.asia/2024/wp-content/plugins/revslider/public/assets/assets/gridtile_3x3.png]
[foss4g.asia/2024/wp-content/plugins/revslider/public/assets/assets/gridtile_3x3_white.png]
[foss4g.asia/2024/wp-content/plugins/revslider/public/assets/assets/coloredbg.png]
[foss4g.asia/2024/wp-content/plugins/revslider/public/assets/assets/loader.gif]
[foss4g.asia/2024/wp-content/plugins/revslider/public/assets/css/rs6.css]
[foss4g.asia/2024/wp-content/plugins/woocommerce/assets/images/icons/loader.svg]
[foss4g.asia/2024/wp-content/themes/grandconference/css/dark-skin/preloader.gif]
[foss4g.asia/2024/wp-content/themes/grandconference/css/dark-skin/caption-bg.png]
[foss4g.asia/2024/wp-content/themes/grandconference/css/dark-skin/alert.png]
[foss4g.asia/2024/wp-content/themes/grandconference/css/dark-skin/buttons.png]
[foss4g.asia/2024/wp-content/themes/grandconference/css/dark-skin/fullscreen-icon-64.png]
[foss4g.asia/2024/wp-content/themes/grandconference/css/dark-skin/fullscreen-icon-ie.png]
[foss4g.asia/2024/wp-content/themes/grandconference/css/dark-skin/x-mark-icon-64.png]
[foss4g.asia/2024/wp-content/themes/grandconference/css/dark-skin/x-mark-icon-ie.png]
[foss4g.asia/2024/wp-content/themes/grandconference/css/dark-skin/arrow-next-icon-64.png]
[foss4g.asia/2024/wp-content/themes/grandconference/css/dark-skin/arrow-next-icon-ie.png]
[foss4g.asia/2024/wp-content/themes/grandconference/css/dark-skin/arrow-prev-icon-64.png]
[foss4g.asia/2024/wp-content/themes/grandconference/css/dark-skin/arrow-prev-icon-ie.png]
[foss4g.asia/2024/wp-content/themes/grandconference/css/dark-skin/play-icon-64.png]
[foss4g.asia/2024/wp-content/themes/grandconference/css/dark-skin/play-icon-ie.png]
[foss4g.asia/2024/wp-content/themes/grandconference/css/dark-skin/pause-icon-64.png]
[foss4g.asia/2024/wp-content/themes/grandconference/css/dark-skin/pause-icon-ie.png]
[foss4g.asia/2024/wp-content/themes/grandconference/css/dark-skin/thumb-overlay-play.png]
[foss4g.asia/2024/wp-content/themes/grandconference/css/dark-skin/arrow-next-vertical-icon-64.png]
[foss4g.asia/2024/wp-content/themes/grandconference/css/dark-skin/arrow-prev-vertical-icon-64.png]
[foss4g.asia/2024/wp-content/themes/grandconference/css/dark-skin/skin.css]
[foss4g.asia/2024/wp-content/themes/grandconference/css/light-skin/preloader.gif]
[foss4g.asia/2024/wp-content/themes/grandconference/css/light-skin/caption-bg.png]
[foss4g.asia/2024/wp-content/themes/grandconference/css/light-skin/alert.png]
[foss4g.asia/2024/wp-content/themes/grandconference/css/light-skin/buttons.png]
[foss4g.asia/2024/wp-content/themes/grandconference/css/light-skin/fullscreen-icon-64.png]
[foss4g.asia/2024/wp-content/themes/grandconference/css/light-skin/fullscreen-icon-ie.png]
[foss4g.asia/2024/wp-content/themes/grandconference/css/light-skin/x-mark-icon-64.png]
[foss4g.asia/2024/wp-content/themes/grandconference/css/light-skin/x-mark-icon-ie.png]
[foss4g.asia/2024/wp-content/themes/grandconference/css/light-skin/arrow-next-icon-64.png]
[foss4g.asia/2024/wp-content/themes/grandconference/css/light-skin/arrow-next-icon-ie.png]
[foss4g.asia/2024/wp-content/themes/grandconference/css/light-skin/arrow-prev-icon-64.png]
[foss4g.asia/2024/wp-content/themes/grandconference/css/light-skin/arrow-prev-icon-ie.png]
[foss4g.asia/2024/wp-content/themes/grandconference/css/light-skin/play-icon-64.png]
[foss4g.asia/2024/wp-content/themes/grandconference/css/light-skin/play-icon-ie.png]
[foss4g.asia/2024/wp-content/themes/grandconference/css/light-skin/pause-icon-64.png]
[foss4g.asia/2024/wp-content/themes/grandconference/css/light-skin/pause-icon-ie.png]
[foss4g.asia/2024/wp-content/themes/grandconference/css/light-skin/thumb-overlay-play.png]
[foss4g.asia/2024/wp-content/themes/grandconference/css/light-skin/arrow-next-vertical-icon-64.png]
[foss4g.asia/2024/wp-content/themes/grandconference/css/light-skin/arrow-prev-vertical-icon-64.png]
[foss4g.asia/2024/wp-content/themes/grandconference/css/light-skin/skin.css]
[foss4g.asia/2024/wp-content/themes/grandconference/css/parade-skin/pattern.png]
[foss4g.asia/2024/wp-content/themes/grandconference/css/parade-skin/preloader.gif]
[foss4g.asia/2024/wp-content/themes/grandconference/css/parade-skin/caption-bg.png]
[foss4g.asia/2024/wp-content/themes/grandconference/css/parade-skin/alert.png]
[foss4g.asia/2024/wp-content/themes/grandconference/css/parade-skin/buttons.png]
[foss4g.asia/2024/wp-content/themes/grandconference/css/parade-skin/thumb-overlay-play.png]
[foss4g.asia/2024/wp-content/themes/grandconference/css/parade-skin/skin.css]
[foss4g.asia/2024/wp-content/themes/grandconference/css/metro-black-skin/preloader.gif]
[foss4g.asia/2024/wp-content/themes/grandconference/css/metro-black-skin/social-bg.png]
[foss4g.asia/2024/wp-content/themes/grandconference/css/metro-black-skin/alert.png]
[foss4g.asia/2024/wp-content/themes/grandconference/css/metro-black-skin/buttons.png]
[foss4g.asia/2024/wp-content/themes/grandconference/css/metro-black-skin/fullscreen-icon-64.png]
[foss4g.asia/2024/wp-content/themes/grandconference/css/metro-black-skin/fullscreen-icon-ie.png]
[foss4g.asia/2024/wp-content/themes/grandconference/css/metro-black-skin/x-mark-icon-64.png]
[foss4g.asia/2024/wp-content/themes/grandconference/css/metro-black-skin/x-mark-icon-ie.png]
[foss4g.asia/2024/wp-content/themes/grandconference/css/metro-black-skin/arrow-next-icon-64.png]
[foss4g.asia/2024/wp-content/themes/grandconference/css/metro-black-skin/arrow-next-icon-ie.png]
[foss4g.asia/2024/wp-content/themes/grandconference/css/metro-black-skin/arrow-prev-icon-64.png]
[foss4g.asia/2024/wp-content/themes/grandconference/css/metro-black-skin/arrow-prev-icon-ie.png]
[foss4g.asia/2024/wp-content/themes/grandconference/css/metro-black-skin/play-icon-64.png]
[foss4g.asia/2024/wp-content/themes/grandconference/css/metro-black-skin/play-icon-ie.png]
[foss4g.asia/2024/wp-content/themes/grandconference/css/metro-black-skin/pause-icon-64.png]
[foss4g.asia/2024/wp-content/themes/grandconference/css/metro-black-skin/pause-icon-ie.png]
[foss4g.asia/2024/wp-content/themes/grandconference/css/metro-black-skin/thumb-overlay-play.png]
[foss4g.asia/2024/wp-content/themes/grandconference/css/metro-black-skin/arrows_vertical.png]
[foss4g.asia/2024/wp-content/themes/grandconference/css/metro-black-skin/arrows_horizontal.png]
[foss4g.asia/2024/wp-content/themes/grandconference/css/metro-black-skin/skin.css]
[foss4g.asia/2024/wp-content/themes/grandconference/css/metro-white-skin/preloader.gif]
[foss4g.asia/2024/wp-content/themes/grandconference/css/metro-white-skin/social-bg.png]
[foss4g.asia/2024/wp-content/themes/grandconference/css/metro-white-skin/alert.png]
[foss4g.asia/2024/wp-content/themes/grandconference/css/metro-white-skin/buttons.png]
[foss4g.asia/2024/wp-content/themes/grandconference/css/metro-white-skin/fullscreen-icon-64.png]
[foss4g.asia/2024/wp-content/themes/grandconference/css/metro-white-skin/fullscreen-icon-ie.png]
[foss4g.asia/2024/wp-content/themes/grandconference/css/metro-white-skin/fullscreen-hover-icon-64.png]
[foss4g.asia/2024/wp-content/themes/grandconference/css/metro-white-skin/fullscreen-hover-icon-ie.png]
[foss4g.asia/2024/wp-content/themes/grandconference/css/metro-white-skin/x-mark-icon-64.png]
[foss4g.asia/2024/wp-content/themes/grandconference/css/metro-white-skin/x-mark-icon-ie.png]
[foss4g.asia/2024/wp-content/themes/grandconference/css/metro-white-skin/x-mark-hover-icon-64.png]
[foss4g.asia/2024/wp-content/themes/grandconference/css/metro-white-skin/x-mark-hover-icon-ie.png]
[foss4g.asia/2024/wp-content/themes/grandconference/css/metro-white-skin/arrow-next-icon-64.png]
[foss4g.asia/2024/wp-content/themes/grandconference/css/metro-white-skin/arrow-next-icon-ie.png]
[foss4g.asia/2024/wp-content/themes/grandconference/css/metro-white-skin/arrow-next-hover-icon-64.png]
[foss4g.asia/2024/wp-content/themes/grandconference/css/metro-white-skin/arrow-next-hover-icon-ie.png]
[foss4g.asia/2024/wp-content/themes/grandconference/css/metro-white-skin/arrow-prev-icon-64.png]
[foss4g.asia/2024/wp-content/themes/grandconference/css/metro-white-skin/arrow-prev-icon-ie.png]
[foss4g.asia/2024/wp-content/themes/grandconference/css/metro-white-skin/arrow-prev-hover-icon-64.png]
[foss4g.asia/2024/wp-content/themes/grandconference/css/metro-white-skin/arrow-prev-hover-icon-ie.png]
[foss4g.asia/2024/wp-content/themes/grandconference/css/metro-white-skin/play-icon-64.png]
[foss4g.asia/2024/wp-content/themes/grandconference/css/metro-white-skin/play-icon-ie.png]
[foss4g.asia/2024/wp-content/themes/grandconference/css/metro-white-skin/play-hover-icon-64.png]
[foss4g.asia/2024/wp-content/themes/grandconference/css/metro-white-skin/play-hover-icon-ie.png]
[foss4g.asia/2024/wp-content/themes/grandconference/css/metro-white-skin/pause-icon-64.png]
[foss4g.asia/2024/wp-content/themes/grandconference/css/metro-white-skin/pause-icon-ie.png]
[foss4g.asia/2024/wp-content/themes/grandconference/css/metro-white-skin/pause-hover-icon-64.png]
[foss4g.asia/2024/wp-content/themes/grandconference/css/metro-white-skin/pause-hover-icon-ie.png]
[foss4g.asia/2024/wp-content/themes/grandconference/css/metro-white-skin/thumb-overlay-play.png]
[foss4g.asia/2024/wp-content/themes/grandconference/css/metro-white-skin/arrows_vertical.png]
[foss4g.asia/2024/wp-content/themes/grandconference/css/metro-white-skin/arrows_horizontal.png]
[foss4g.asia/2024/wp-content/themes/grandconference/css/metro-white-skin/skin.css]
[foss4g.asia/2024/wp-content/themes/grandconference/css/mac-skin/preloader.gif]
[foss4g.asia/2024/wp-content/themes/grandconference/css/mac-skin/caption-bg.png]
[foss4g.asia/2024/wp-content/themes/grandconference/css/mac-skin/alert.png]
[foss4g.asia/2024/wp-content/themes/grandconference/css/mac-skin/close-25.png]
[foss4g.asia/2024/wp-content/themes/grandconference/css/mac-skin/resize-25.png]
[foss4g.asia/2024/wp-content/themes/grandconference/css/mac-skin/play-25.png]
[foss4g.asia/2024/wp-content/themes/grandconference/css/mac-skin/pause-25.png]
[foss4g.asia/2024/wp-content/themes/grandconference/css/mac-skin/resize-50.png]
[foss4g.asia/2024/wp-content/themes/grandconference/css/mac-skin/resize-ie.png]
[foss4g.asia/2024/wp-content/themes/grandconference/css/mac-skin/close-50.png]
[foss4g.asia/2024/wp-content/themes/grandconference/css/mac-skin/close-ie.png]
[foss4g.asia/2024/wp-content/themes/grandconference/css/mac-skin/forward-50.png]
[foss4g.asia/2024/wp-content/themes/grandconference/css/mac-skin/forward-ie.png]
[foss4g.asia/2024/wp-content/themes/grandconference/css/mac-skin/back-50.png]
[foss4g.asia/2024/wp-content/themes/grandconference/css/mac-skin/back-ie.png]
[foss4g.asia/2024/wp-content/themes/grandconference/css/mac-skin/play-50.png]
[foss4g.asia/2024/wp-content/themes/grandconference/css/mac-skin/play-ie.png]
[foss4g.asia/2024/wp-content/themes/grandconference/css/mac-skin/pause-50.png]
[foss4g.asia/2024/wp-content/themes/grandconference/css/mac-skin/pause-ie.png]
[foss4g.asia/2024/wp-content/themes/grandconference/css/mac-skin/thumb-overlay-play.png]
[foss4g.asia/2024/wp-content/themes/grandconference/css/mac-skin/forward-vertical-50.png]
[foss4g.asia/2024/wp-content/themes/grandconference/css/mac-skin/back-vertical-50.png]
[foss4g.asia/2024/wp-content/themes/grandconference/css/mac-skin/skin.css]
[foss4g.asia/2024/wp-content/themes/grandconference/css/smooth-skin/preloader.gif]
[foss4g.asia/2024/wp-content/themes/grandconference/css/smooth-skin/caption-bg.png]
[foss4g.asia/2024/wp-content/themes/grandconference/css/smooth-skin/alert.png]
[foss4g.asia/2024/wp-content/themes/grandconference/css/smooth-skin/buttons.png]
[foss4g.asia/2024/wp-content/themes/grandconference/css/smooth-skin/fullscreen-icon-64.png]
[foss4g.asia/2024/wp-content/themes/grandconference/css/smooth-skin/fullscreen-icon-ie.png]
[foss4g.asia/2024/wp-content/themes/grandconference/css/smooth-skin/x-mark-icon-64.png]
[foss4g.asia/2024/wp-content/themes/grandconference/css/smooth-skin/x-mark-icon-ie.png]
[foss4g.asia/2024/wp-content/themes/grandconference/css/smooth-skin/arrow-next-icon-64.png]
[foss4g.asia/2024/wp-content/themes/grandconference/css/smooth-skin/arrow-next-icon-ie.png]
[foss4g.asia/2024/wp-content/themes/grandconference/css/smooth-skin/arrow-prev-icon-64.png]
[foss4g.asia/2024/wp-content/themes/grandconference/css/smooth-skin/arrow-prev-icon-ie.png]
[foss4g.asia/2024/wp-content/themes/grandconference/css/smooth-skin/play-icon-64.png]
[foss4g.asia/2024/wp-content/themes/grandconference/css/smooth-skin/play-icon-ie.png]
[foss4g.asia/2024/wp-content/themes/grandconference/css/smooth-skin/pause-icon-64.png]
[foss4g.asia/2024/wp-content/themes/grandconference/css/smooth-skin/pause-icon-ie.png]
[foss4g.asia/2024/wp-content/themes/grandconference/css/smooth-skin/thumb-overlay-play.png]
[foss4g.asia/2024/wp-content/themes/grandconference/css/smooth-skin/arrows_vertical.png]
[foss4g.asia/2024/wp-content/themes/grandconference/css/smooth-skin/arrows_horizontal.png]
[foss4g.asia/2024/wp-content/themes/grandconference/css/smooth-skin/skin.css]
[foss4g.asia/2024/wp-content/themes/grandconference/css/ilightbox/closedhand.html]
[foss4g.asia/2024/wp-content/themes/grandconference/css/social_icons/facebook_16.html]
[foss4g.asia/2024/wp-content/themes/grandconference/css/social_icons/digg_16.html]
[foss4g.asia/2024/wp-content/themes/grandconference/css/social_icons/twitter_16.html]
[foss4g.asia/2024/wp-content/themes/grandconference/css/social_icons/delicious_16.html]
[foss4g.asia/2024/wp-content/themes/grandconference/css/social_icons/reddit_16.html]
[foss4g.asia/2024/wp-content/themes/grandconference/css/social_icons/google_plus_16.html]
[foss4g.asia/2024/wp-includes/js/mediaelement/mejs-controls.svg]
[foss4g.asia/2024/wp-content/themes/grandconference/webfonts/fa-brands-400.svg]
[foss4g.asia/2024/wp-content/themes/grandconference/webfonts/fa-regular-400.svg]
[foss4g.asia/2024/wp-content/themes/grandconference/webfonts/fa-solid-900.svg]
[foss4g.asia/2024/wp-content/themes/grandconference/fonts/themify.svg]
[foss4g.asia/2024/wp-content/plugins/grandconference-elementor/assets/css/owl.video.play.html]
[foss4g.asia/2024/wp-content/plugins/grandconference-elementor/assets/index.html]
[foss4g.asia/2024/wp-includes/css/dist/block-library/style.min.css]
[foss4g.asia/2024/wp-content/uploads/elementor/css/post-27.css]
[foss4g.asia/2024/index1c4a.html]
[foss4g.asia/2024/wp-content/uploads/elementor/css/post-3985.css]
[foss4g.asia/2024/index3e8e.html]
[foss4g.asia/2024/wp-content/uploads/elementor/css/post-4028.css]
[foss4g.asia/2024/index4162.html]
[foss4g.asia/2024/index73fa.html]
[foss4g.asia/2024/wp-content/uploads/elementor/css/post-3518.css]
[foss4g.asia/2024/indexb1df.html]
[foss4g.asia/2024/wp-content/uploads/elementor/css/post-3816.css]
[foss4g.asia/2024/index38f0.html]
[foss4g.asia/2024/wp-content/uploads/elementor/css/post-3792.css]
[foss4g.asia/2024/index7642.html]
[foss4g.asia/2024/product/academic-track/index.html]
[foss4g.asia/2024/wp-content/uploads/elementor/css/post-3227.css]
[foss4g.asia/2024/index710a.html]
[foss4g.asia/2024/wp-content/uploads/elementor/css/post-138.css]
[foss4g.asia/2024/index1a26.html]
[foss4g.asia/2024/wp-content/uploads/elementor/css/post-4741.css]
[foss4g.asia/2024/index7f04.html]
[foss4g.asia/2024/wp-content/uploads/elementor/css/post-3217.css]
[foss4g.asia/2024/wp-content/uploads/elementor/css/post-1820.css]
[foss4g.asia/2024/index7a6c.html]
[foss4g.asia/2024/wp-content/uploads/elementor/css/post-70.css]
[foss4g.asia/2024/index3f3a.html]
[foss4g.asia/2024/wp-content/uploads/elementor/css/post-3911.css]
[foss4g.asia/2024/indexb238.html]
[foss4g.asia/2024/wp-content/uploads/elementor/css/post-5189.css]
[foss4g.asia/2024/indexe2eb.html]
[foss4g.asia/2024/wp-content/uploads/elementor/css/post-6024.css]
[foss4g.asia/2024/index2580.html]
[foss4g.asia/2024/wp-content/uploads/elementor/css/post-32.css]
[foss4g.asia/2024/index6c46.html]
[foss4g.asia/2024/wp-content/uploads/elementor/css/post-5683.css]
[foss4g.asia/2024/indexbaa4.html]
[unpkg.com/leaflet@1.9.4/dist/images/layers.png]
[unpkg.com/leaflet@1.9.4/dist/images/layers-2x.png]
[unpkg.com/leaflet@1.9.4/dist/images/marker-icon.png]
[unpkg.com/leaflet@1.9.4/dist/leaflet.css]
[foss4g.asia/2024/wp-content/uploads/elementor/css/post-5696.css]
[foss4g.asia/2024/indexb041.html]
[foss4g.asia/2024/wp-content/uploads/elementor/css/post-5935.css]
[foss4g.asia/2024/index8cc6.html]
[foss4g.asia/2024/wp-content/uploads/elementor/css/post-51.css]
[foss4g.asia/2024/index8cf7.html]
[foss4g.asia/2024/wp-content/uploads/elementor/css/post-5784.css]
[foss4g.asia/2024/indexc3cd.html]
[foss4g.asia/2024/wp-content/uploads/elementor/css/post-5240.css]
[foss4g.asia/2024/indexa9d8.html]
[foss4g.asia/2024/wp-content/uploads/elementor/css/post-5978.css]
[foss4g.asia/2024/index2fb3.html]
[foss4g.asia/2024/wp-content/uploads/elementor/css/post-5968.css]
[foss4g.asia/2024/indexd369.html]
[foss4g.asia/2024/wp-content/uploads/elementor/css/post-5887.css]
[foss4g.asia/2024/index6881.html]
[foss4g.asia/2024/wp-content/uploads/elementor/css/post-5228.css]
[foss4g.asia/2024/index1230.html]
[foss4g.asia/2024/wp-content/uploads/elementor/css/post-3670.css]
[foss4g.asia/2024/index4c34.html]
[foss4g.asia/2024/wp-content/uploads/elementor/css/post-5093.css]
[foss4g.asia/2024/indexa6c0.html]
[foss4g.asia/2024/wp-content/uploads/elementor/css/post-5527.css]
[foss4g.asia/2024/indexa409.html]
[foss4g.asia/2024/index4ab3.html]
[foss4g.asia/2024/index1740.html]
[foss4g.asia/2024/index2a99.html]
[foss4g.asia/2024/indexa2ff.html]
[foss4g.asia/2024/index8d33.html]
[foss4g.asia/2024/indexc67b.html]
[foss4g.asia/2024/index9d51.html]
[foss4g.asia/2024/index219a.html]
[foss4g.asia/2024/index9103.html]
[foss4g.asia/2024/wp-content/uploads/elementor/css/post-3703.css]
[foss4g.asia/2024/wp-json/wp/v2/pages/3703.json]
[foss4g.asia/2024/wp-json/oembed/1.0/embeda949.json]
[foss4g.asia/2024/wp-json/oembed/1.0/embed2ae0]
[foss4g.asia/2024/wp-content/uploads/2024/03/logo_FOSS4GASIA-300x272.png]
[foss4g.asia/2024/wp-content/uploads/2021/12/logo@2x.png]
[foss4g.asia/2024/wp-content/uploads/2022/02/Team.png]
[foss4g.asia/2024/buy-tickets-2/index.html]
[foss4g.asia/2024/wp-content/uploads/2022/02/Rocket.png]
[foss4g.asia/2024/wp-content/uploads/2022/02/Statistic.png]
[foss4g.asia/2024/wp-content/uploads/2022/02/Flow-Chart.png]
[foss4g.asia/2024/wp-content/uploads/2022/02/s-automattic.png]
[foss4g.asia/2024/wp-content/uploads/2022/02/s-commondesk.png]
[foss4g.asia/2024/wp-content/uploads/2022/02/s-flywheel.png]
[foss4g.asia/2024/wp-content/uploads/2022/02/s-lemieux.png]
[foss4g.asia/2024/wp-content/uploads/2022/02/s-dan.png]
[foss4g.asia/2024/wp-content/uploads/2022/02/s-lyft.png]
[foss4g.asia/2024/wp-content/uploads/2022/02/s-moo.png]
[foss4g.asia/2024/wp-content/uploads/2022/02/s-weebly.png]
[foss4g.asia/2024/wp-content/uploads/2022/02/s-mailchimp.png]
[foss4g.asia/2024/wp-content/uploads/2022/02/s-stickermule.png]
[foss4g.asia/2024/wp-content/uploads/elementor/css/post-2466.css]
[foss4g.asia/2024/home-5-business-forum-2/index.html]
[foss4g.asia/2024/wp-content/uploads/elementor/css/post-1739.css]
[foss4g.asia/2024/index1c9c.html]
[foss4g.asia/2024/wp-content/uploads/elementor/css/post-2474.css]
[foss4g.asia/2024/wp-content/uploads/2017/02/GeneralTrack-300x200.png]
[foss4g.asia/2024/wp-json/oembed/1.0/embedef37.json]
[foss4g.asia/2024/speaker/workshop/index.html]
[foss4g.asia/2024/wp-json/oembed/1.0/embed7c2c]
[foss4g.asia/2024/wp-content/uploads/2017/02/Keynote_Speaker-300x201.png]
[foss4g.asia/2024/wp-json/oembed/1.0/embed3441.json]
[foss4g.asia/2024/speaker/technical-session/index.html]
[foss4g.asia/2024/wp-json/oembed/1.0/embedf12b]
[foss4g.asia/2024/wp-content/uploads/2017/02/Book_Academic-300x169.png]
[foss4g.asia/2024/wp-json/oembed/1.0/embed3e2e.json]
[foss4g.asia/2024/speaker/poster-session/index.html]
[foss4g.asia/2024/index439b.html]
[foss4g.asia/2024/wp-json/oembed/1.0/embed3eb2]
[foss4g.asia/2024/wp-content/uploads/2024/08/aitlogo_60per-300x300.png]
[foss4g.asia/2024/wp-json/oembed/1.0/embeda895.json]
[foss4g.asia/2024/wp-json/oembed/1.0/embedbd57]
[foss4g.asia/2024/wp-content/uploads/2024/08/aitlogo_60per.png]
[foss4g.asia/2024/speaker/ait-representatives/index.html]
[foss4g.asia/2024/wp-content/uploads/2024/03/Conference-300x143.png]
[foss4g.asia/2024/wp-json/oembed/1.0/embed8856.json]
[foss4g.asia/2024/wp-json/oembed/1.0/embed261b]
[foss4g.asia/2024/wp-content/uploads/2024/03/Conference-500x500.png]
[foss4g.asia/2024/speaker/government-representatives/index.html]
[foss4g.asia/2024/index90bf.html]
[foss4g.asia/2024/wp-content/uploads/2024/07/OSGeoTH-1-300x69.jpg]
[foss4g.asia/2024/wp-json/oembed/1.0/embed2ac6.json]
[foss4g.asia/2024/wp-json/oembed/1.0/embed2cd7]
[foss4g.asia/2024/wp-content/uploads/2024/07/OSGeoTH-1-500x254.jpg]
[foss4g.asia/2024/speaker/representatives-osgeo/index.html]
[foss4g.asia/2024/wp-content/uploads/elementor/css/post-1305.css]
[foss4g.asia/2024/wp-content/uploads/2017/02/ted_38605266.jpg]
[foss4g.asia/2024/wp-content/uploads/elementor/css/post-1774.css]
[foss4g.asia/2024/indexae00.html]
[foss4g.asia/2024/wp-json/oembed/1.0/embed3e63.json]
[foss4g.asia/2024/speaker/academic-session/index.html]
[foss4g.asia/2024/wp-content/plugins/revslider/public/assets/fonts/revicons/revicons90c6.svg]
[foss4g.asia/2024/wp-content/plugins/revslider/public/assets/css/openhand.html]
[foss4g.asia/2024/wp-content/plugins/revslider/public/assets/css/closedhand.html]
[{s}.tile.openstreetmap.org/{z}/{x}/{y}.png]
[foss4g.asia/2024/wp-json/oembed/1.0/embedcbcb]
[foss4g.asia/2024/wp-content/uploads/2022/02/visual-home.jpg]
[foss4g.asia/2024/wp-content/uploads/elementor/css/post-3703.css]
[foss4g.asia/2024/index00d1.html]
[foss4g.asia/2024/wp-json/wp/v2/pages/1338.json]
[foss4g.asia/2024/wp-json/oembed/1.0/embed9416.json]
[foss4g.asia/2024/buy-tickets-2/index.html]
[foss4g.asia/2024/wp-content/uploads/elementor/css/post-2466.css]
[foss4g.asia/2024/wp-content/uploads/elementor/css/post-2474.css]
[foss4g.asia/2024/indexcb1e.html]
[foss4g.asia/2024/index913e.html]
[foss4g.asia/2024/index2941.html]
[foss4g.asia/2024/index5d78.html]
[foss4g.asia/2024/index3413.html]
[foss4g.asia/2024/indexe6ee.html]
[foss4g.asia/2024/index3cdf.html]
[foss4g.asia/2024/indexc547.html]
[foss4g.asia/2024/wp-json/oembed/1.0/embedd4c5]
